  practical6.cpp
D:\Tarumt\Year 3 Sem 1\BMCS2173 Graphics Programming\Practicals\Practical i do\Practical 1\Practical\Practical\practical6.cpp(14,22): warning C4305: 'initializing': truncation from 'double' to 'float'
D:\Tarumt\Year 3 Sem 1\BMCS2173 Graphics Programming\Practicals\Practical i do\Practical 1\Practical\Practical\practical6.cpp(14,27): warning C4305: 'initializing': truncation from 'double' to 'float'
D:\Tarumt\Year 3 Sem 1\BMCS2173 Graphics Programming\Practicals\Practical i do\Practical 1\Practical\Practical\practical6.cpp(14,32): warning C4305: 'initializing': truncation from 'double' to 'float'
D:\Tarumt\Year 3 Sem 1\BMCS2173 Graphics Programming\Practicals\Practical i do\Practical 1\Practical\Practical\practical6.cpp(24,30): warning C4305: 'initializing': truncation from 'double' to 'float'
D:\Tarumt\Year 3 Sem 1\BMCS2173 Graphics Programming\Practicals\Practical i do\Practical 1\Practical\Practical\practical6.cpp(24,35): warning C4305: 'initializing': truncation from 'double' to 'float'
D:\Tarumt\Year 3 Sem 1\BMCS2173 Graphics Programming\Practicals\Practical i do\Practical 1\Practical\Practical\practical6.cpp(24,40): warning C4305: 'initializing': truncation from 'double' to 'float'
D:\Tarumt\Year 3 Sem 1\BMCS2173 Graphics Programming\Practicals\Practical i do\Practical 1\Practical\Practical\practical6.cpp(123,25): warning C4305: 'argument': truncation from 'double' to 'GLfloat'
D:\Tarumt\Year 3 Sem 1\BMCS2173 Graphics Programming\Practicals\Practical i do\Practical 1\Practical\Practical\practical6.cpp(123,18): warning C4305: 'argument': truncation from 'double' to 'GLfloat'
D:\Tarumt\Year 3 Sem 1\BMCS2173 Graphics Programming\Practicals\Practical i do\Practical 1\Practical\Practical\practical6.cpp(124,18): warning C4244: 'argument': conversion from 'double' to 'GLfloat', possible loss of data
D:\Tarumt\Year 3 Sem 1\BMCS2173 Graphics Programming\Practicals\Practical i do\Practical 1\Practical\Practical\practical6.cpp(125,27): warning C4244: 'argument': conversion from 'double' to 'GLfloat', possible loss of data
D:\Tarumt\Year 3 Sem 1\BMCS2173 Graphics Programming\Practicals\Practical i do\Practical 1\Practical\Practical\practical6.cpp(125,20): warning C4244: 'argument': conversion from 'double' to 'GLfloat', possible loss of data
D:\Tarumt\Year 3 Sem 1\BMCS2173 Graphics Programming\Practicals\Practical i do\Practical 1\Practical\Practical\practical6.cpp(125,13): warning C4244: 'argument': conversion from 'double' to 'GLfloat', possible loss of data
D:\Tarumt\Year 3 Sem 1\BMCS2173 Graphics Programming\Practicals\Practical i do\Practical 1\Practical\Practical\practical6.cpp(126,26): warning C4244: 'argument': conversion from 'double' to 'GLfloat', possible loss of data
D:\Tarumt\Year 3 Sem 1\BMCS2173 Graphics Programming\Practicals\Practical i do\Practical 1\Practical\Practical\practical6.cpp(126,19): warning C4244: 'argument': conversion from 'double' to 'GLfloat', possible loss of data
D:\Tarumt\Year 3 Sem 1\BMCS2173 Graphics Programming\Practicals\Practical i do\Practical 1\Practical\Practical\practical6.cpp(126,13): warning C4244: 'argument': conversion from 'double' to 'GLfloat', possible loss of data
D:\Tarumt\Year 3 Sem 1\BMCS2173 Graphics Programming\Practicals\Practical i do\Practical 1\Practical\Practical\practical6.cpp(129,20): warning C4305: 'argument': truncation from 'double' to 'GLfloat'
D:\Tarumt\Year 3 Sem 1\BMCS2173 Graphics Programming\Practicals\Practical i do\Practical 1\Practical\Practical\practical6.cpp(129,13): warning C4305: 'argument': truncation from 'double' to 'GLfloat'
D:\Tarumt\Year 3 Sem 1\BMCS2173 Graphics Programming\Practicals\Practical i do\Practical 1\Practical\Practical\practical6.cpp(130,18): warning C4244: 'argument': conversion from 'double' to 'GLfloat', possible loss of data
D:\Tarumt\Year 3 Sem 1\BMCS2173 Graphics Programming\Practicals\Practical i do\Practical 1\Practical\Practical\practical6.cpp(131,26): warning C4244: 'argument': conversion from 'double' to 'GLfloat', possible loss of data
D:\Tarumt\Year 3 Sem 1\BMCS2173 Graphics Programming\Practicals\Practical i do\Practical 1\Practical\Practical\practical6.cpp(131,19): warning C4244: 'argument': conversion from 'double' to 'GLfloat', possible loss of data
D:\Tarumt\Year 3 Sem 1\BMCS2173 Graphics Programming\Practicals\Practical i do\Practical 1\Practical\Practical\practical6.cpp(131,13): warning C4244: 'argument': conversion from 'double' to 'GLfloat', possible loss of data
D:\Tarumt\Year 3 Sem 1\BMCS2173 Graphics Programming\Practicals\Practical i do\Practical 1\Practical\Practical\practical6.cpp(132,26): warning C4244: 'argument': conversion from 'double' to 'GLfloat', possible loss of data
D:\Tarumt\Year 3 Sem 1\BMCS2173 Graphics Programming\Practicals\Practical i do\Practical 1\Practical\Practical\practical6.cpp(132,19): warning C4244: 'argument': conversion from 'double' to 'GLfloat', possible loss of data
D:\Tarumt\Year 3 Sem 1\BMCS2173 Graphics Programming\Practicals\Practical i do\Practical 1\Practical\Practical\practical6.cpp(132,13): warning C4244: 'argument': conversion from 'double' to 'GLfloat', possible loss of data
D:\Tarumt\Year 3 Sem 1\BMCS2173 Graphics Programming\Practicals\Practical i do\Practical 1\Practical\Practical\practical6.cpp(135,25): warning C4305: 'argument': truncation from 'double' to 'GLfloat'
D:\Tarumt\Year 3 Sem 1\BMCS2173 Graphics Programming\Practicals\Practical i do\Practical 1\Practical\Practical\practical6.cpp(135,18): warning C4305: 'argument': truncation from 'double' to 'GLfloat'
D:\Tarumt\Year 3 Sem 1\BMCS2173 Graphics Programming\Practicals\Practical i do\Practical 1\Practical\Practical\practical6.cpp(136,18): warning C4244: 'argument': conversion from 'double' to 'GLfloat', possible loss of data
D:\Tarumt\Year 3 Sem 1\BMCS2173 Graphics Programming\Practicals\Practical i do\Practical 1\Practical\Practical\practical6.cpp(137,26): warning C4244: 'argument': conversion from 'double' to 'GLfloat', possible loss of data
D:\Tarumt\Year 3 Sem 1\BMCS2173 Graphics Programming\Practicals\Practical i do\Practical 1\Practical\Practical\practical6.cpp(137,19): warning C4244: 'argument': conversion from 'double' to 'GLfloat', possible loss of data
D:\Tarumt\Year 3 Sem 1\BMCS2173 Graphics Programming\Practicals\Practical i do\Practical 1\Practical\Practical\practical6.cpp(137,13): warning C4244: 'argument': conversion from 'double' to 'GLfloat', possible loss of data
D:\Tarumt\Year 3 Sem 1\BMCS2173 Graphics Programming\Practicals\Practical i do\Practical 1\Practical\Practical\practical6.cpp(138,27): warning C4244: 'argument': conversion from 'double' to 'GLfloat', possible loss of data
D:\Tarumt\Year 3 Sem 1\BMCS2173 Graphics Programming\Practicals\Practical i do\Practical 1\Practical\Practical\practical6.cpp(138,20): warning C4244: 'argument': conversion from 'double' to 'GLfloat', possible loss of data
D:\Tarumt\Year 3 Sem 1\BMCS2173 Graphics Programming\Practicals\Practical i do\Practical 1\Practical\Practical\practical6.cpp(138,13): warning C4244: 'argument': conversion from 'double' to 'GLfloat', possible loss of data
D:\Tarumt\Year 3 Sem 1\BMCS2173 Graphics Programming\Practicals\Practical i do\Practical 1\Practical\Practical\practical6.cpp(141,21): warning C4305: 'argument': truncation from 'double' to 'GLfloat'
D:\Tarumt\Year 3 Sem 1\BMCS2173 Graphics Programming\Practicals\Practical i do\Practical 1\Practical\Practical\practical6.cpp(141,13): warning C4305: 'argument': truncation from 'double' to 'GLfloat'
D:\Tarumt\Year 3 Sem 1\BMCS2173 Graphics Programming\Practicals\Practical i do\Practical 1\Practical\Practical\practical6.cpp(142,18): warning C4244: 'argument': conversion from 'double' to 'GLfloat', possible loss of data
D:\Tarumt\Year 3 Sem 1\BMCS2173 Graphics Programming\Practicals\Practical i do\Practical 1\Practical\Practical\practical6.cpp(143,27): warning C4244: 'argument': conversion from 'double' to 'GLfloat', possible loss of data
D:\Tarumt\Year 3 Sem 1\BMCS2173 Graphics Programming\Practicals\Practical i do\Practical 1\Practical\Practical\practical6.cpp(143,20): warning C4244: 'argument': conversion from 'double' to 'GLfloat', possible loss of data
D:\Tarumt\Year 3 Sem 1\BMCS2173 Graphics Programming\Practicals\Practical i do\Practical 1\Practical\Practical\practical6.cpp(143,13): warning C4244: 'argument': conversion from 'double' to 'GLfloat', possible loss of data
D:\Tarumt\Year 3 Sem 1\BMCS2173 Graphics Programming\Practicals\Practical i do\Practical 1\Practical\Practical\practical6.cpp(144,27): warning C4244: 'argument': conversion from 'double' to 'GLfloat', possible loss of data
D:\Tarumt\Year 3 Sem 1\BMCS2173 Graphics Programming\Practicals\Practical i do\Practical 1\Practical\Practical\practical6.cpp(144,20): warning C4244: 'argument': conversion from 'double' to 'GLfloat', possible loss of data
D:\Tarumt\Year 3 Sem 1\BMCS2173 Graphics Programming\Practicals\Practical i do\Practical 1\Practical\Practical\practical6.cpp(144,13): warning C4244: 'argument': conversion from 'double' to 'GLfloat', possible loss of data
D:\Tarumt\Year 3 Sem 1\BMCS2173 Graphics Programming\Practicals\Practical i do\Practical 1\Practical\Practical\practical6.cpp(150,27): warning C4244: 'argument': conversion from 'double' to 'GLfloat', possible loss of data
D:\Tarumt\Year 3 Sem 1\BMCS2173 Graphics Programming\Practicals\Practical i do\Practical 1\Practical\Practical\practical6.cpp(150,20): warning C4244: 'argument': conversion from 'double' to 'GLfloat', possible loss of data
D:\Tarumt\Year 3 Sem 1\BMCS2173 Graphics Programming\Practicals\Practical i do\Practical 1\Practical\Practical\practical6.cpp(150,13): warning C4244: 'argument': conversion from 'double' to 'GLfloat', possible loss of data
D:\Tarumt\Year 3 Sem 1\BMCS2173 Graphics Programming\Practicals\Practical i do\Practical 1\Practical\Practical\practical6.cpp(151,26): warning C4244: 'argument': conversion from 'double' to 'GLfloat', possible loss of data
D:\Tarumt\Year 3 Sem 1\BMCS2173 Graphics Programming\Practicals\Practical i do\Practical 1\Practical\Practical\practical6.cpp(151,19): warning C4244: 'argument': conversion from 'double' to 'GLfloat', possible loss of data
D:\Tarumt\Year 3 Sem 1\BMCS2173 Graphics Programming\Practicals\Practical i do\Practical 1\Practical\Practical\practical6.cpp(151,13): warning C4244: 'argument': conversion from 'double' to 'GLfloat', possible loss of data
D:\Tarumt\Year 3 Sem 1\BMCS2173 Graphics Programming\Practicals\Practical i do\Practical 1\Practical\Practical\practical6.cpp(152,26): warning C4244: 'argument': conversion from 'double' to 'GLfloat', possible loss of data
D:\Tarumt\Year 3 Sem 1\BMCS2173 Graphics Programming\Practicals\Practical i do\Practical 1\Practical\Practical\practical6.cpp(152,19): warning C4244: 'argument': conversion from 'double' to 'GLfloat', possible loss of data
D:\Tarumt\Year 3 Sem 1\BMCS2173 Graphics Programming\Practicals\Practical i do\Practical 1\Practical\Practical\practical6.cpp(152,13): warning C4244: 'argument': conversion from 'double' to 'GLfloat', possible loss of data
D:\Tarumt\Year 3 Sem 1\BMCS2173 Graphics Programming\Practicals\Practical i do\Practical 1\Practical\Practical\practical6.cpp(153,27): warning C4244: 'argument': conversion from 'double' to 'GLfloat', possible loss of data
D:\Tarumt\Year 3 Sem 1\BMCS2173 Graphics Programming\Practicals\Practical i do\Practical 1\Practical\Practical\practical6.cpp(153,20): warning C4244: 'argument': conversion from 'double' to 'GLfloat', possible loss of data
D:\Tarumt\Year 3 Sem 1\BMCS2173 Graphics Programming\Practicals\Practical i do\Practical 1\Practical\Practical\practical6.cpp(153,13): warning C4244: 'argument': conversion from 'double' to 'GLfloat', possible loss of data
  Practical 1.vcxproj -> D:\Tarumt\Year 3 Sem 1\BMCS2173 Graphics Programming\Practicals\Practical i do\Practical 1\Practical\Practical\x64\Debug\Practical 1.exe
