  Practical1 demo.cpp
C:\Users\GIGA\Downloads\Practical\Practical 1\Practical1 demo.cpp(13,14): warning C4305: 'initializing': truncation from 'double' to 'float'
C:\Users\GIGA\Downloads\Practical\Practical 1\Practical1 demo.cpp(16,10): warning C4305: 'initializing': truncation from 'double' to 'float'
C:\Users\GIGA\Downloads\Practical\Practical 1\Practical1 demo.cpp(96,14): warning C4305: 'argument': truncation from 'double' to 'GLfloat'
C:\Users\GIGA\Downloads\Practical\Practical 1\Practical1 demo.cpp(97,14): warning C4305: 'argument': truncation from 'double' to 'GLfloat'
C:\Users\GIGA\Downloads\Practical\Practical 1\Practical1 demo.cpp(98,14): warning C4305: 'argument': truncation from 'double' to 'GLfloat'
C:\Users\GIGA\Downloads\Practical\Practical 1\Practical1 demo.cpp(99,14): warning C4305: 'argument': truncation from 'double' to 'GLfloat'
C:\Users\GIGA\Downloads\Practical\Practical 1\Practical1 demo.cpp(104,14): warning C4305: 'argument': truncation from 'double' to 'GLfloat'
C:\Users\GIGA\Downloads\Practical\Practical 1\Practical1 demo.cpp(105,14): warning C4305: 'argument': truncation from 'double' to 'GLfloat'
C:\Users\GIGA\Downloads\Practical\Practical 1\Practical1 demo.cpp(106,14): warning C4305: 'argument': truncation from 'double' to 'GLfloat'
C:\Users\GIGA\Downloads\Practical\Practical 1\Practical1 demo.cpp(107,14): warning C4305: 'argument': truncation from 'double' to 'GLfloat'
C:\Users\GIGA\Downloads\Practical\Practical 1\Practical1 demo.cpp(113,14): warning C4305: 'argument': truncation from 'double' to 'GLfloat'
C:\Users\GIGA\Downloads\Practical\Practical 1\Practical1 demo.cpp(114,14): warning C4305: 'argument': truncation from 'double' to 'GLfloat'
C:\Users\GIGA\Downloads\Practical\Practical 1\Practical1 demo.cpp(115,14): warning C4305: 'argument': truncation from 'double' to 'GLfloat'
C:\Users\GIGA\Downloads\Practical\Practical 1\Practical1 demo.cpp(116,14): warning C4305: 'argument': truncation from 'double' to 'GLfloat'
C:\Users\GIGA\Downloads\Practical\Practical 1\Practical1 demo.cpp(129,14): warning C4305: 'argument': truncation from 'double' to 'GLfloat'
C:\Users\GIGA\Downloads\Practical\Practical 1\Practical1 demo.cpp(130,14): warning C4305: 'argument': truncation from 'double' to 'GLfloat'
C:\Users\GIGA\Downloads\Practical\Practical 1\Practical1 demo.cpp(131,14): warning C4305: 'argument': truncation from 'double' to 'GLfloat'
C:\Users\GIGA\Downloads\Practical\Practical 1\Practical1 demo.cpp(132,14): warning C4305: 'argument': truncation from 'double' to 'GLfloat'
C:\Users\GIGA\Downloads\Practical\Practical 1\Practical1 demo.cpp(156,14): warning C4305: 'argument': truncation from 'double' to 'GLfloat'
C:\Users\GIGA\Downloads\Practical\Practical 1\Practical1 demo.cpp(157,14): warning C4305: 'argument': truncation from 'double' to 'GLfloat'
C:\Users\GIGA\Downloads\Practical\Practical 1\Practical1 demo.cpp(158,14): warning C4305: 'argument': truncation from 'double' to 'GLfloat'
C:\Users\GIGA\Downloads\Practical\Practical 1\Practical1 demo.cpp(159,14): warning C4305: 'argument': truncation from 'double' to 'GLfloat'
C:\Users\GIGA\Downloads\Practical\Practical 1\Practical1 demo.cpp(264,11): warning C4244: '=': conversion from 'double' to 'float', possible loss of data
C:\Users\GIGA\Downloads\Practical\Practical 1\Practical1 demo.cpp(265,11): warning C4244: '=': conversion from 'double' to 'float', possible loss of data
C:\Users\GIGA\Downloads\Practical\Practical 1\Practical1 demo.cpp(276,14): warning C4305: 'argument': truncation from 'double' to 'GLfloat'
C:\Users\GIGA\Downloads\Practical\Practical 1\Practical1 demo.cpp(277,14): warning C4305: 'argument': truncation from 'double' to 'GLfloat'
C:\Users\GIGA\Downloads\Practical\Practical 1\Practical1 demo.cpp(278,14): warning C4305: 'argument': truncation from 'double' to 'GLfloat'
C:\Users\GIGA\Downloads\Practical\Practical 1\Practical1 demo.cpp(279,14): warning C4305: 'argument': truncation from 'double' to 'GLfloat'
C:\Users\GIGA\Downloads\Practical\Practical 1\Practical1 demo.cpp(288,15): warning C4244: 'initializing': conversion from 'double' to 'float', possible loss of data
C:\Users\GIGA\Downloads\Practical\Practical 1\Practical1 demo.cpp(298,15): warning C4244: 'initializing': conversion from 'double' to 'float', possible loss of data
C:\Users\GIGA\Downloads\Practical\Practical 1\Practical1 demo.cpp(310,23): warning C4305: 'argument': truncation from 'double' to 'float'
C:\Users\GIGA\Downloads\Practical\Practical 1\Practical1 demo.cpp(314,25): warning C4305: 'argument': truncation from 'double' to 'float'
C:\Users\GIGA\Downloads\Practical\Practical 1\Practical1 demo.cpp(314,20): warning C4305: 'argument': truncation from 'double' to 'float'
C:\Users\GIGA\Downloads\Practical\Practical 1\Practical1 demo.cpp(314,13): warning C4305: 'argument': truncation from 'double' to 'float'
C:\Users\GIGA\Downloads\Practical\Practical 1\Practical1 demo.cpp(315,24): warning C4305: 'argument': truncation from 'double' to 'float'
C:\Users\GIGA\Downloads\Practical\Practical 1\Practical1 demo.cpp(315,19): warning C4305: 'argument': truncation from 'double' to 'float'
C:\Users\GIGA\Downloads\Practical\Practical 1\Practical1 demo.cpp(315,13): warning C4305: 'argument': truncation from 'double' to 'float'
C:\Users\GIGA\Downloads\Practical\Practical 1\Practical1 demo.cpp(319,31): warning C4305: 'argument': truncation from 'double' to 'float'
C:\Users\GIGA\Downloads\Practical\Practical 1\Practical1 demo.cpp(319,24): warning C4305: 'argument': truncation from 'double' to 'float'
C:\Users\GIGA\Downloads\Practical\Practical 1\Practical1 demo.cpp(339,33): warning C4305: 'argument': truncation from 'double' to 'float'
C:\Users\GIGA\Downloads\Practical\Practical 1\Practical1 demo.cpp(339,27): warning C4305: 'argument': truncation from 'double' to 'float'
C:\Users\GIGA\Downloads\Practical\Practical 1\Practical1 demo.cpp(339,21): warning C4305: 'argument': truncation from 'double' to 'float'
C:\Users\GIGA\Downloads\Practical\Practical 1\Practical1 demo.cpp(339,14): warning C4305: 'argument': truncation from 'double' to 'float'
C:\Users\GIGA\Downloads\Practical\Practical 1\Practical1 demo.cpp(340,33): warning C4305: 'argument': truncation from 'double' to 'float'
C:\Users\GIGA\Downloads\Practical\Practical 1\Practical1 demo.cpp(340,27): warning C4305: 'argument': truncation from 'double' to 'float'
C:\Users\GIGA\Downloads\Practical\Practical 1\Practical1 demo.cpp(340,21): warning C4305: 'argument': truncation from 'double' to 'float'
C:\Users\GIGA\Downloads\Practical\Practical 1\Practical1 demo.cpp(340,14): warning C4305: 'argument': truncation from 'double' to 'float'
C:\Users\GIGA\Downloads\Practical\Practical 1\Practical1 demo.cpp(341,27): warning C4305: 'argument': truncation from 'double' to 'float'
C:\Users\GIGA\Downloads\Practical\Practical 1\Practical1 demo.cpp(341,21): warning C4305: 'argument': truncation from 'double' to 'float'
C:\Users\GIGA\Downloads\Practical\Practical 1\Practical1 demo.cpp(341,13): warning C4305: 'argument': truncation from 'double' to 'float'
